******************************************************************************
             TMS320C2000 Linker PC v16.9.6                     
******************************************************************************
>> Linked Thu Jan 10 13:55:46 2019

OUTPUT FILE NAME:   <DDP_Motor.out>
ENTRY POINT SYMBOL: "_c_int00"  address: 00009aa2


MEMORY CONFIGURATION

         name            origin    length      used     unused   attr    fill
----------------------  --------  ---------  --------  --------  ----  --------
PAGE 0:
  BEGIN                 00000000   00000002  00000000  00000002  RWIX
  RAMM0                 00000050   000003b0  00000004  000003ac  RWIX
  RAML0                 00008000   00001000  000002ff  00000d01  RWIX
  RAML1                 00009000   00001000  00000b88  00000478  RWIX
  RAML2                 0000a000   00001000  00000000  00001000  RWIX
  RAML3                 0000b000   00001000  00000000  00001000  RWIX
  ZONE7A                00200000   0000fc00  00000000  0000fc00  RWIX
  CSM_RSVD              0033ff80   00000076  00000000  00000076  RWIX
  CSM_PWL               0033fff8   00000008  00000000  00000008  RWIX
  ADC_CAL               00380080   00000009  00000007  00000002  RWIX
  IQTABLES              003fe000   00000b50  00000000  00000b50  RWIX
  IQTABLES2             003feb50   0000008c  00000000  0000008c  RWIX
  FPUTABLES             003febdc   000006a0  00000000  000006a0  RWIX
  BOOTROM               003ff27c   00000d44  00000000  00000d44  RWIX
  RESET                 003fffc0   00000002  00000000  00000002  RWIX

PAGE 1:
  BOOT_RSVD             00000002   0000004e  00000000  0000004e  RWIX
  RAMM1                 00000400   00000400  00000400  00000000  RWIX
  DEV_EMU               00000880   00000180  000000d0  000000b0  RWIX
  FLASH_REGS            00000a80   00000060  00000008  00000058  RWIX
  CSM                   00000ae0   00000010  00000010  00000000  RWIX
  ADC_MIRROR            00000b00   00000010  00000010  00000000  RWIX
  XINTF                 00000b20   00000020  0000001e  00000002  RWIX
  CPU_TIMER0            00000c00   00000008  00000008  00000000  RWIX
  CPU_TIMER1            00000c08   00000008  00000008  00000000  RWIX
  CPU_TIMER2            00000c10   00000008  00000008  00000000  RWIX
  PIE_CTRL              00000ce0   00000020  0000001a  00000006  RWIX
  PIE_VECT              00000d00   00000100  00000100  00000000  RWIX
  DMA                   00001000   00000200  000000e0  00000120  RWIX
  MCBSPA                00005000   00000040  00000025  0000001b  RWIX
  MCBSPB                00005040   00000040  00000025  0000001b  RWIX
  ECANA                 00006000   00000040  00000034  0000000c  RWIX
  ECANA_LAM             00006040   00000040  00000040  00000000  RWIX
  ECANA_MOTS            00006080   00000040  00000040  00000000  RWIX
  ECANA_MOTO            000060c0   00000040  00000040  00000000  RWIX
  ECANA_MBOX            00006100   00000100  00000100  00000000  RWIX
  ECANB                 00006200   00000040  00000034  0000000c  RWIX
  ECANB_LAM             00006240   00000040  00000040  00000000  RWIX
  ECANB_MOTS            00006280   00000040  00000040  00000000  RWIX
  ECANB_MOTO            000062c0   00000040  00000040  00000000  RWIX
  ECANB_MBOX            00006300   00000100  00000100  00000000  RWIX
  EPWM1                 00006800   00000022  00000022  00000000  RWIX
  EPWM2                 00006840   00000022  00000022  00000000  RWIX
  EPWM3                 00006880   00000022  00000022  00000000  RWIX
  EPWM4                 000068c0   00000022  00000022  00000000  RWIX
  EPWM5                 00006900   00000022  00000022  00000000  RWIX
  EPWM6                 00006940   00000022  00000022  00000000  RWIX
  ECAP1                 00006a00   00000020  00000020  00000000  RWIX
  ECAP2                 00006a20   00000020  00000020  00000000  RWIX
  ECAP3                 00006a40   00000020  00000020  00000000  RWIX
  ECAP4                 00006a60   00000020  00000020  00000000  RWIX
  ECAP5                 00006a80   00000020  00000020  00000000  RWIX
  ECAP6                 00006aa0   00000020  00000020  00000000  RWIX
  EQEP1                 00006b00   00000040  00000040  00000000  RWIX
  EQEP2                 00006b40   00000040  00000040  00000000  RWIX
  GPIOCTRL              00006f80   00000040  0000002e  00000012  RWIX
  GPIODAT               00006fc0   00000020  00000020  00000000  RWIX
  GPIOINT               00006fe0   00000020  0000000a  00000016  RWIX
  SYSTEM                00007010   00000020  00000020  00000000  RWIX
  SPIA                  00007040   00000010  00000010  00000000  RWIX
  SCIA                  00007050   00000010  00000010  00000000  RWIX
  XINTRUPT              00007070   00000010  00000010  00000000  RWIX
  ADC                   00007100   00000020  0000001e  00000002  RWIX
  SCIB                  00007750   00000010  00000010  00000000  RWIX
  SCIC                  00007770   00000010  00000010  00000000  RWIX
  I2CA                  00007900   00000040  00000022  0000001e  RWIX
  RAML4                 0000c000   00001000  0000033c  00000cc4  RWIX
  RAML5                 0000d000   00001000  00000000  00001000  RWIX
  RAML6                 0000e000   00001000  00000000  00001000  RWIX
  RAML7                 0000f000   00001000  00000000  00001000  RWIX
  ZONE7B                0020fc00   00000400  00000000  00000400  RWIX
  CSM_PWL               0033fff8   00000008  00000008  00000000  RWIX
  PARTID                00380090   00000001  00000001  00000000  RWIX


SECTION ALLOCATION MAP

 output                                  attributes/
section   page    origin      length       input sections
--------  ----  ----------  ----------   ----------------
ramfuncs   0    00000050    00000004     
                  00000050    00000004     DSP2833x_usDelay.obj (ramfuncs)

.cinit     0    00008000    000002ff     
                  00008000    000002e5     main.obj (.cinit)
                  000082e5    0000000e     rts2800_fpu32.lib : exit.obj (.cinit)
                  000082f3    00000005                       : _lock.obj (.cinit:__lock)
                  000082f8    00000005                       : _lock.obj (.cinit:__unlock)
                  000082fd    00000002     --HOLE-- [fill = 0]

.text      0    00009000    00000b88     
                  00009000    00000961     main.obj (.text)
                  00009961    00000088     rts2800_fpu32.lib : fs_div28.obj (.text)
                  000099e9    00000061                       : s_cosf.obj (.text)
                  00009a4a    00000058                       : s_sinf.obj (.text)
                  00009aa2    00000056                       : boot28.obj (.text)
                  00009af8    00000029                       : exit.obj (.text)
                  00009b21    00000024                       : cpy_tbl.obj (.text)
                  00009b45    0000001e                       : memcpy.obj (.text)
                  00009b63    00000019                       : args_main.obj (.text)
                  00009b7c    00000009                       : _lock.obj (.text)
                  00009b85    00000002                       : pre_init.obj (.text)
                  00009b87    00000001                       : startup.obj (.text)

.pinit     0    00008000    00000000     UNINITIALIZED

.adc_cal   0    00380080    00000007     NOLOAD SECTION
                  00380080    00000007     DSP2833x_ADC_cal.obj (.adc_cal)

.stack     1    00000400    00000400     UNINITIALIZED
                  00000400    00000400     --HOLE--

DevEmuRegsFile 
*          1    00000880    000000d0     UNINITIALIZED
                  00000880    000000d0     DSP2833x_GlobalVariableDefs.obj (DevEmuRegsFile)

FlashRegsFile 
*          1    00000a80    00000008     UNINITIALIZED
                  00000a80    00000008     DSP2833x_GlobalVariableDefs.obj (FlashRegsFile)

CsmRegsFile 
*          1    00000ae0    00000010     UNINITIALIZED
                  00000ae0    00000010     DSP2833x_GlobalVariableDefs.obj (CsmRegsFile)

AdcMirrorFile 
*          1    00000b00    00000010     UNINITIALIZED
                  00000b00    00000010     DSP2833x_GlobalVariableDefs.obj (AdcMirrorFile)

XintfRegsFile 
*          1    00000b20    0000001e     UNINITIALIZED
                  00000b20    0000001e     DSP2833x_GlobalVariableDefs.obj (XintfRegsFile)

CpuTimer0RegsFile 
*          1    00000c00    00000008     UNINITIALIZED
                  00000c00    00000008     DSP2833x_GlobalVariableDefs.obj (CpuTimer0RegsFile)

CpuTimer1RegsFile 
*          1    00000c08    00000008     UNINITIALIZED
                  00000c08    00000008     DSP2833x_GlobalVariableDefs.obj (CpuTimer1RegsFile)

CpuTimer2RegsFile 
*          1    00000c10    00000008     UNINITIALIZED
                  00000c10    00000008     DSP2833x_GlobalVariableDefs.obj (CpuTimer2RegsFile)

PieCtrlRegsFile 
*          1    00000ce0    0000001a     UNINITIALIZED
                  00000ce0    0000001a     DSP2833x_GlobalVariableDefs.obj (PieCtrlRegsFile)

PieVectTableFile 
*          1    00000d00    00000100     UNINITIALIZED
                  00000d00    00000100     DSP2833x_GlobalVariableDefs.obj (PieVectTableFile)

DmaRegsFile 
*          1    00001000    000000e0     UNINITIALIZED
                  00001000    000000e0     DSP2833x_GlobalVariableDefs.obj (DmaRegsFile)

McbspaRegsFile 
*          1    00005000    00000025     UNINITIALIZED
                  00005000    00000025     DSP2833x_GlobalVariableDefs.obj (McbspaRegsFile)

McbspbRegsFile 
*          1    00005040    00000025     UNINITIALIZED
                  00005040    00000025     DSP2833x_GlobalVariableDefs.obj (McbspbRegsFile)

ECanaRegsFile 
*          1    00006000    00000034     UNINITIALIZED
                  00006000    00000034     DSP2833x_GlobalVariableDefs.obj (ECanaRegsFile)

ECanaLAMRegsFile 
*          1    00006040    00000040     UNINITIALIZED
                  00006040    00000040     DSP2833x_GlobalVariableDefs.obj (ECanaLAMRegsFile)

ECanaMOTSRegsFile 
*          1    00006080    00000040     UNINITIALIZED
                  00006080    00000040     DSP2833x_GlobalVariableDefs.obj (ECanaMOTSRegsFile)

ECanaMOTORegsFile 
*          1    000060c0    00000040     UNINITIALIZED
                  000060c0    00000040     DSP2833x_GlobalVariableDefs.obj (ECanaMOTORegsFile)

ECanaMboxesFile 
*          1    00006100    00000100     UNINITIALIZED
                  00006100    00000100     DSP2833x_GlobalVariableDefs.obj (ECanaMboxesFile)

ECanbRegsFile 
*          1    00006200    00000034     UNINITIALIZED
                  00006200    00000034     DSP2833x_GlobalVariableDefs.obj (ECanbRegsFile)

ECanbLAMRegsFile 
*          1    00006240    00000040     UNINITIALIZED
                  00006240    00000040     DSP2833x_GlobalVariableDefs.obj (ECanbLAMRegsFile)

ECanbMOTSRegsFile 
*          1    00006280    00000040     UNINITIALIZED
                  00006280    00000040     DSP2833x_GlobalVariableDefs.obj (ECanbMOTSRegsFile)

ECanbMOTORegsFile 
*          1    000062c0    00000040     UNINITIALIZED
                  000062c0    00000040     DSP2833x_GlobalVariableDefs.obj (ECanbMOTORegsFile)

ECanbMboxesFile 
*          1    00006300    00000100     UNINITIALIZED
                  00006300    00000100     DSP2833x_GlobalVariableDefs.obj (ECanbMboxesFile)

EPwm1RegsFile 
*          1    00006800    00000022     UNINITIALIZED
                  00006800    00000022     DSP2833x_GlobalVariableDefs.obj (EPwm1RegsFile)

EPwm2RegsFile 
*          1    00006840    00000022     UNINITIALIZED
                  00006840    00000022     DSP2833x_GlobalVariableDefs.obj (EPwm2RegsFile)

EPwm3RegsFile 
*          1    00006880    00000022     UNINITIALIZED
                  00006880    00000022     DSP2833x_GlobalVariableDefs.obj (EPwm3RegsFile)

EPwm4RegsFile 
*          1    000068c0    00000022     UNINITIALIZED
                  000068c0    00000022     DSP2833x_GlobalVariableDefs.obj (EPwm4RegsFile)

EPwm5RegsFile 
*          1    00006900    00000022     UNINITIALIZED
                  00006900    00000022     DSP2833x_GlobalVariableDefs.obj (EPwm5RegsFile)

EPwm6RegsFile 
*          1    00006940    00000022     UNINITIALIZED
                  00006940    00000022     DSP2833x_GlobalVariableDefs.obj (EPwm6RegsFile)

ECap1RegsFile 
*          1    00006a00    00000020     UNINITIALIZED
                  00006a00    00000020     DSP2833x_GlobalVariableDefs.obj (ECap1RegsFile)

ECap2RegsFile 
*          1    00006a20    00000020     UNINITIALIZED
                  00006a20    00000020     DSP2833x_GlobalVariableDefs.obj (ECap2RegsFile)

ECap3RegsFile 
*          1    00006a40    00000020     UNINITIALIZED
                  00006a40    00000020     DSP2833x_GlobalVariableDefs.obj (ECap3RegsFile)

ECap4RegsFile 
*          1    00006a60    00000020     UNINITIALIZED
                  00006a60    00000020     DSP2833x_GlobalVariableDefs.obj (ECap4RegsFile)

ECap5RegsFile 
*          1    00006a80    00000020     UNINITIALIZED
                  00006a80    00000020     DSP2833x_GlobalVariableDefs.obj (ECap5RegsFile)

ECap6RegsFile 
*          1    00006aa0    00000020     UNINITIALIZED
                  00006aa0    00000020     DSP2833x_GlobalVariableDefs.obj (ECap6RegsFile)

EQep1RegsFile 
*          1    00006b00    00000040     UNINITIALIZED
                  00006b00    00000040     DSP2833x_GlobalVariableDefs.obj (EQep1RegsFile)

EQep2RegsFile 
*          1    00006b40    00000040     UNINITIALIZED
                  00006b40    00000040     DSP2833x_GlobalVariableDefs.obj (EQep2RegsFile)

GpioCtrlRegsFile 
*          1    00006f80    0000002e     UNINITIALIZED
                  00006f80    0000002e     DSP2833x_GlobalVariableDefs.obj (GpioCtrlRegsFile)

GpioDataRegsFile 
*          1    00006fc0    00000020     UNINITIALIZED
                  00006fc0    00000020     DSP2833x_GlobalVariableDefs.obj (GpioDataRegsFile)

GpioIntRegsFile 
*          1    00006fe0    0000000a     UNINITIALIZED
                  00006fe0    0000000a     DSP2833x_GlobalVariableDefs.obj (GpioIntRegsFile)

SysCtrlRegsFile 
*          1    00007010    00000020     UNINITIALIZED
                  00007010    00000020     DSP2833x_GlobalVariableDefs.obj (SysCtrlRegsFile)

SpiaRegsFile 
*          1    00007040    00000010     UNINITIALIZED
                  00007040    00000010     DSP2833x_GlobalVariableDefs.obj (SpiaRegsFile)

SciaRegsFile 
*          1    00007050    00000010     UNINITIALIZED
                  00007050    00000010     DSP2833x_GlobalVariableDefs.obj (SciaRegsFile)

XIntruptRegsFile 
*          1    00007070    00000010     UNINITIALIZED
                  00007070    00000010     DSP2833x_GlobalVariableDefs.obj (XIntruptRegsFile)

AdcRegsFile 
*          1    00007100    0000001e     UNINITIALIZED
                  00007100    0000001e     DSP2833x_GlobalVariableDefs.obj (AdcRegsFile)

ScibRegsFile 
*          1    00007750    00000010     UNINITIALIZED
                  00007750    00000010     DSP2833x_GlobalVariableDefs.obj (ScibRegsFile)

ScicRegsFile 
*          1    00007770    00000010     UNINITIALIZED
                  00007770    00000010     DSP2833x_GlobalVariableDefs.obj (ScicRegsFile)

I2caRegsFile 
*          1    00007900    00000022     UNINITIALIZED
                  00007900    00000022     DSP2833x_GlobalVariableDefs.obj (I2caRegsFile)

.ebss      1    0000c000    0000033c     UNINITIALIZED
                  0000c000    00000332     main.obj (.ebss)
                  0000c332    00000006     rts2800_fpu32.lib : exit.obj (.ebss)
                  0000c338    00000002                       : _lock.obj (.ebss:__lock)
                  0000c33a    00000002                       : _lock.obj (.ebss:__unlock)

.reset     0    003fffc0    00000002     DSECT
                  003fffc0    00000002     rts2800_fpu32.lib : boot28.obj (.reset)

csm_rsvd   0    0033ff80    00000000     DSECT

csmpasswds 
*          0    0033fff8    00000000     DSECT

CsmPwlFile 
*          1    0033fff8    00000008     UNINITIALIZED
                  0033fff8    00000008     DSP2833x_GlobalVariableDefs.obj (CsmPwlFile)

PartIdRegsFile 
*          1    00380090    00000001     UNINITIALIZED
                  00380090    00000001     DSP2833x_GlobalVariableDefs.obj (PartIdRegsFile)

MODULE SUMMARY

       Module                            code   initialized data   uninitialized data
       ------                            ----   ----------------   ------------------
    .\
       main.obj                          2401   741                818               
       DSP2833x_GlobalVariableDefs.obj   0      0                  2679              
       DSP2833x_ADC_cal.obj              7      0                  0                 
       DSP2833x_usDelay.obj              4      0                  0                 
    +--+---------------------------------+------+------------------+--------------------+
       Total:                            2412   741                3497              
                                                                                     
    C:\ti\ccsv7\tools\compiler\ti-cgt-c2000_16.9.6.LTS\lib\rts2800_fpu32.lib
       fs_div28.obj                      136    0                  0                 
       s_cosf.obj                        97     0                  0                 
       s_sinf.obj                        88     0                  0                 
       boot28.obj                        86     0                  0                 
       exit.obj                          41     14                 6                 
       cpy_tbl.obj                       36     0                  0                 
       memcpy.obj                        30     0                  0                 
       args_main.obj                     25     0                  0                 
       _lock.obj                         9      10                 4                 
       pre_init.obj                      2      0                  0                 
       startup.obj                       1      0                  0                 
    +--+---------------------------------+------+------------------+--------------------+
       Total:                            551    24                 10                
                                                                                     
       Stack:                            0      0                  1024              
    +--+---------------------------------+------+------------------+--------------------+
       Grand Total:                      2963   765                4531              


GLOBAL DATA SYMBOLS: SORTED BY DATA PAGE

address     data page           name
--------    ----------------    ----
00000400      10 (00000400)     __stack

00000880      22 (00000880)     _DevEmuRegs

00000a80      2a (00000a80)     _FlashRegs

00000ae0      2b (00000ac0)     _CsmRegs

00000b00      2c (00000b00)     _AdcMirror
00000b20      2c (00000b00)     _XintfRegs

00000c00      30 (00000c00)     _CpuTimer0Regs
00000c08      30 (00000c00)     _CpuTimer1Regs
00000c10      30 (00000c00)     _CpuTimer2Regs

00000ce0      33 (00000cc0)     _PieCtrlRegs

00000d00      34 (00000d00)     _PieVectTable

00001000      40 (00001000)     _DmaRegs

00005000     140 (00005000)     _McbspaRegs

00005040     141 (00005040)     _McbspbRegs

00006000     180 (00006000)     _ECanaRegs

00006040     181 (00006040)     _ECanaLAMRegs

00006080     182 (00006080)     _ECanaMOTSRegs

000060c0     183 (000060c0)     _ECanaMOTORegs

00006100     184 (00006100)     _ECanaMboxes

00006200     188 (00006200)     _ECanbRegs

00006240     189 (00006240)     _ECanbLAMRegs

00006280     18a (00006280)     _ECanbMOTSRegs

000062c0     18b (000062c0)     _ECanbMOTORegs

00006300     18c (00006300)     _ECanbMboxes

00006800     1a0 (00006800)     _EPwm1Regs

00006840     1a1 (00006840)     _EPwm2Regs

00006880     1a2 (00006880)     _EPwm3Regs

000068c0     1a3 (000068c0)     _EPwm4Regs

00006900     1a4 (00006900)     _EPwm5Regs

00006940     1a5 (00006940)     _EPwm6Regs

00006a00     1a8 (00006a00)     _ECap1Regs
00006a20     1a8 (00006a00)     _ECap2Regs

00006a40     1a9 (00006a40)     _ECap3Regs
00006a60     1a9 (00006a40)     _ECap4Regs

00006a80     1aa (00006a80)     _ECap5Regs
00006aa0     1aa (00006a80)     _ECap6Regs

00006b00     1ac (00006b00)     _EQep1Regs

00006b40     1ad (00006b40)     _EQep2Regs

00006f80     1be (00006f80)     _GpioCtrlRegs

00006fc0     1bf (00006fc0)     _GpioDataRegs
00006fe0     1bf (00006fc0)     _GpioIntRegs

00007010     1c0 (00007000)     _SysCtrlRegs

00007040     1c1 (00007040)     _SpiaRegs
00007050     1c1 (00007040)     _SciaRegs
00007070     1c1 (00007040)     _XIntruptRegs

00007100     1c4 (00007100)     _AdcRegs

00007750     1dd (00007740)     _ScibRegs
00007770     1dd (00007740)     _ScicRegs

00007900     1e4 (00007900)     _I2caRegs

0000c000     300 (0000c000)     _id_max
0000c002     300 (0000c000)     _ki_w
0000c004     300 (0000c000)     _w_max
0000c006     300 (0000c000)     _v_d
0000c008     300 (0000c000)     _v_q
0000c00a     300 (0000c000)     _w_min
0000c00c     300 (0000c000)     _id_min
0000c00e     300 (0000c000)     _iq_min
0000c010     300 (0000c000)     _B_J
0000c012     300 (0000c000)     _pxLd_Lq
0000c014     300 (0000c000)     _kp_id
0000c016     300 (0000c000)     _Rs_Lq
0000c018     300 (0000c000)     _ki_iq
0000c01a     300 (0000c000)     _iq_max
0000c01c     300 (0000c000)     _kp_w
0000c01e     300 (0000c000)     _ki_id
0000c020     300 (0000c000)     _kp_iq
0000c022     300 (0000c000)     _angle_sin
0000c024     300 (0000c000)     _angle_cos
0000c026     300 (0000c000)     _Tl_est
0000c028     300 (0000c000)     _angle
0000c02a     300 (0000c000)     _w_mult
0000c02c     300 (0000c000)     _Rs_Ld
0000c02e     300 (0000c000)     _id_ref
0000c030     300 (0000c000)     _w_e_ref
0000c032     300 (0000c000)     _i_b
0000c034     300 (0000c000)     _i_al
0000c036     300 (0000c000)     _v_be
0000c038     300 (0000c000)     _i_a
0000c03a     300 (0000c000)     _id
0000c03c     300 (0000c000)     _iq
0000c03e     300 (0000c000)     _i_be

0000c040     301 (0000c040)     _w_e
0000c042     301 (0000c040)     _v_al
0000c044     301 (0000c040)     _u_J
0000c046     301 (0000c040)     _pxLdLq_J
0000c048     301 (0000c040)     _T_Ld
0000c04a     301 (0000c040)     _Lq
0000c04c     301 (0000c040)     _Ld
0000c04e     301 (0000c040)     _pT
0000c050     301 (0000c040)     _pxLq_Ld
0000c052     301 (0000c040)     _GlobalQ
0000c054     301 (0000c040)     _T_Lq
0000c056     301 (0000c040)     _T_step
0000c058     301 (0000c040)     _p
0000c05a     301 (0000c040)     _B
0000c05c     301 (0000c040)     _J
0000c05e     301 (0000c040)     _Rs
0000c060     301 (0000c040)     _Y
0000c064     301 (0000c040)     _eQEP
0000c06a     301 (0000c040)     _R
0000c072     301 (0000c040)     _tempR

0000c080     302 (0000c080)     _X_o
0000c08a     302 (0000c080)     _pwmgen
0000c094     302 (0000c080)     _X
0000c09e     302 (0000c080)     _c1
0000c0a8     302 (0000c080)     _eCAP

0000c0c0     303 (0000c0c0)     _p1
0000c0ce     303 (0000c0c0)     _ip_v
0000c0dc     303 (0000c0c0)     _ePWM
0000c0ea     303 (0000c0c0)     _ACQPS

0000c100     304 (0000c100)     _ChSel
0000c110     304 (0000c100)     _TrigSel
0000c120     304 (0000c100)     _sv

0000c140     305 (0000c140)     _tempC
0000c154     305 (0000c140)     _K
0000c168     305 (0000c140)     _C

0000c180     306 (0000c180)     _pi_iq
0000c198     306 (0000c180)     _pi_w

0000c1c0     307 (0000c1c0)     _pi_id

0000c200     308 (0000c200)     _A

0000c240     309 (0000c240)     _Q

0000c280     30a (0000c280)     _tempP2

0000c2c0     30b (0000c2c0)     _P

0000c300     30c (0000c300)     _tempP
0000c332     30c (0000c300)     ___TI_enable_exit_profile_output
0000c334     30c (0000c300)     ___TI_cleanup_ptr
0000c336     30c (0000c300)     ___TI_dtors_ptr
0000c338     30c (0000c300)     __lock
0000c33a     30c (0000c300)     __unlock

0033fff8    cfff (0033ffc0)     _CsmPwl

00380090    e002 (00380080)     _PartIdRegs


GLOBAL SYMBOLS: SORTED ALPHABETICALLY BY Name 

page  address   name                            
----  -------   ----                            
0     00009000  .text                           
0     00009af8  C$$EXIT                         
0     00009961  FS$$DIV                         
1     0000c200  _A                              
1     0000c0ea  _ACQPS                          
0     00380080  _ADC_cal                        
1     00000b00  _AdcMirror                      
1     00007100  _AdcRegs                        
1     0000c05a  _B                              
1     0000c010  _B_J                            
1     0000c168  _C                              
1     0000c100  _ChSel                          
1     00000c00  _CpuTimer0Regs                  
1     00000c08  _CpuTimer1Regs                  
1     00000c10  _CpuTimer2Regs                  
1     0033fff8  _CsmPwl                         
1     00000ae0  _CsmRegs                        
0     00000050  _DSP28x_usDelay                 
1     00000880  _DevEmuRegs                     
1     00001000  _DmaRegs                        
1     00006040  _ECanaLAMRegs                   
1     000060c0  _ECanaMOTORegs                  
1     00006080  _ECanaMOTSRegs                  
1     00006100  _ECanaMboxes                    
1     00006000  _ECanaRegs                      
1     00006240  _ECanbLAMRegs                   
1     000062c0  _ECanbMOTORegs                  
1     00006280  _ECanbMOTSRegs                  
1     00006300  _ECanbMboxes                    
1     00006200  _ECanbRegs                      
1     00006a00  _ECap1Regs                      
1     00006a20  _ECap2Regs                      
1     00006a40  _ECap3Regs                      
1     00006a60  _ECap4Regs                      
1     00006a80  _ECap5Regs                      
1     00006aa0  _ECap6Regs                      
1     00006800  _EPwm1Regs                      
1     00006840  _EPwm2Regs                      
1     00006880  _EPwm3Regs                      
1     000068c0  _EPwm4Regs                      
1     00006900  _EPwm5Regs                      
1     00006940  _EPwm6Regs                      
1     00006b00  _EQep1Regs                      
1     00006b40  _EQep2Regs                      
1     00000a80  _FlashRegs                      
1     0000c052  _GlobalQ                        
1     00006f80  _GpioCtrlRegs                   
1     00006fc0  _GpioDataRegs                   
1     00006fe0  _GpioIntRegs                    
1     00007900  _I2caRegs                       
1     0000c05c  _J                              
1     0000c154  _K                              
1     0000c04c  _Ld                             
1     0000c04a  _Lq                             
1     00005000  _McbspaRegs                     
1     00005040  _McbspbRegs                     
1     0000c2c0  _P                              
1     00380090  _PartIdRegs                     
1     00000ce0  _PieCtrlRegs                    
1     00000d00  _PieVectTable                   
1     0000c240  _Q                              
1     0000c06a  _R                              
1     0000c05e  _Rs                             
1     0000c02c  _Rs_Ld                          
1     0000c016  _Rs_Lq                          
1     00007050  _SciaRegs                       
1     00007750  _ScibRegs                       
1     00007770  _ScicRegs                       
1     00007040  _SpiaRegs                       
1     00007010  _SysCtrlRegs                    
1     0000c048  _T_Ld                           
1     0000c054  _T_Lq                           
1     0000c056  _T_step                         
1     0000c026  _Tl_est                         
1     0000c110  _TrigSel                        
1     0000c094  _X                              
1     00007070  _XIntruptRegs                   
1     0000c080  _X_o                            
1     00000b20  _XintfRegs                      
1     0000c060  _Y                              
1     00000800  __STACK_END                     
abs   00000400  __STACK_SIZE                    
1     0000c334  ___TI_cleanup_ptr               
1     0000c336  ___TI_dtors_ptr                 
1     0000c332  ___TI_enable_exit_profile_output
abs   ffffffff  ___TI_pprof_out_hndl            
abs   ffffffff  ___TI_prof_data_size            
abs   ffffffff  ___TI_prof_data_start           
abs   ffffffff  ___binit__                      
abs   ffffffff  ___c_args__                     
0     00008000  ___cinit__                      
0     00009b88  ___etext__                      
abs   ffffffff  ___pinit__                      
0     00009000  ___text__                       
0     00009b63  __args_main                     
1     0000c338  __lock                          
0     00009b84  __nop                           
0     00009b80  __register_lock                 
0     00009b7c  __register_unlock               
1     00000400  __stack                         
0     00009b87  __system_post_cinit             
0     00009b85  __system_pre_init               
1     0000c33a  __unlock                        
0     00009af8  _abort                          
1     0000c028  _angle                          
1     0000c024  _angle_cos                      
1     0000c022  _angle_sin                      
1     0000c09e  _c1                             
0     00009aa2  _c_int00                        
0     00009b21  _copy_in                        
0     000099e9  _cos                            
0     000099e9  _cosf                           
1     0000c0a8  _eCAP                           
1     0000c0dc  _ePWM                           
1     0000c064  _eQEP                           
0     000094c6  _ekf                            
0     00009afa  _exit                           
0     000090c9  _getK                           
0     00009216  _getP_correct                   
0     00009019  _getP_predict                   
1     0000c038  _i_a                            
1     0000c034  _i_al                           
1     0000c032  _i_b                            
1     0000c03e  _i_be                           
1     0000c03a  _id                             
1     0000c000  _id_max                         
1     0000c00c  _id_min                         
1     0000c02e  _id_ref                         
0     0000930e  _init_reg                       
0     00009848  _inv_park                       
1     0000c0ce  _ip_v                           
1     0000c03c  _iq                             
1     0000c01a  _iq_max                         
1     0000c00e  _iq_min                         
1     0000c01e  _ki_id                          
1     0000c018  _ki_iq                          
1     0000c002  _ki_w                           
1     0000c014  _kp_id                          
1     0000c020  _kp_iq                          
1     0000c01c  _kp_w                           
0     0000995b  _main                           
0     00009b45  _memcpy                         
1     0000c058  _p                              
1     0000c0c0  _p1                             
1     0000c04e  _pT                             
0     00009744  _pi_controller                  
1     0000c1c0  _pi_id                          
1     0000c180  _pi_iq                          
1     0000c198  _pi_w                           
1     0000c08a  _pwmgen                         
1     0000c046  _pxLdLq_J                       
1     0000c012  _pxLd_Lq                        
1     0000c050  _pxLq_Ld                        
0     000092f3  _sgn                            
0     00009484  _signal_acq                     
0     00009a4a  _sin                            
0     00009a4a  _sinf                           
1     0000c120  _sv                             
0     0000988b  _svpwm_gen                      
1     0000c140  _tempC                          
1     0000c300  _tempP                          
1     0000c280  _tempP2                         
1     0000c072  _tempR                          
1     0000c044  _u_J                            
0     00009000  _update_id                      
1     0000c042  _v_al                           
1     0000c036  _v_be                           
1     0000c006  _v_d                            
1     0000c008  _v_q                            
1     0000c040  _w_e                            
1     0000c030  _w_e_ref                        
1     0000c004  _w_max                          
1     0000c00a  _w_min                          
1     0000c02a  _w_mult                         
abs   ffffffff  binit                           
0     00008000  cinit                           
0     00009b88  etext                           
abs   ffffffff  pinit                           


GLOBAL SYMBOLS: SORTED BY Symbol Address 

page  address   name                            
----  -------   ----                            
0     00000050  _DSP28x_usDelay                 
0     00008000  ___cinit__                      
0     00008000  cinit                           
0     00009000  .text                           
0     00009000  ___text__                       
0     00009000  _update_id                      
0     00009019  _getP_predict                   
0     000090c9  _getK                           
0     00009216  _getP_correct                   
0     000092f3  _sgn                            
0     0000930e  _init_reg                       
0     00009484  _signal_acq                     
0     000094c6  _ekf                            
0     00009744  _pi_controller                  
0     00009848  _inv_park                       
0     0000988b  _svpwm_gen                      
0     0000995b  _main                           
0     00009961  FS$$DIV                         
0     000099e9  _cos                            
0     000099e9  _cosf                           
0     00009a4a  _sin                            
0     00009a4a  _sinf                           
0     00009aa2  _c_int00                        
0     00009af8  C$$EXIT                         
0     00009af8  _abort                          
0     00009afa  _exit                           
0     00009b21  _copy_in                        
0     00009b45  _memcpy                         
0     00009b63  __args_main                     
0     00009b7c  __register_unlock               
0     00009b80  __register_lock                 
0     00009b84  __nop                           
0     00009b85  __system_pre_init               
0     00009b87  __system_post_cinit             
0     00009b88  ___etext__                      
0     00009b88  etext                           
0     00380080  _ADC_cal                        
1     00000400  __stack                         
1     00000800  __STACK_END                     
1     00000880  _DevEmuRegs                     
1     00000a80  _FlashRegs                      
1     00000ae0  _CsmRegs                        
1     00000b00  _AdcMirror                      
1     00000b20  _XintfRegs                      
1     00000c00  _CpuTimer0Regs                  
1     00000c08  _CpuTimer1Regs                  
1     00000c10  _CpuTimer2Regs                  
1     00000ce0  _PieCtrlRegs                    
1     00000d00  _PieVectTable                   
1     00001000  _DmaRegs                        
1     00005000  _McbspaRegs                     
1     00005040  _McbspbRegs                     
1     00006000  _ECanaRegs                      
1     00006040  _ECanaLAMRegs                   
1     00006080  _ECanaMOTSRegs                  
1     000060c0  _ECanaMOTORegs                  
1     00006100  _ECanaMboxes                    
1     00006200  _ECanbRegs                      
1     00006240  _ECanbLAMRegs                   
1     00006280  _ECanbMOTSRegs                  
1     000062c0  _ECanbMOTORegs                  
1     00006300  _ECanbMboxes                    
1     00006800  _EPwm1Regs                      
1     00006840  _EPwm2Regs                      
1     00006880  _EPwm3Regs                      
1     000068c0  _EPwm4Regs                      
1     00006900  _EPwm5Regs                      
1     00006940  _EPwm6Regs                      
1     00006a00  _ECap1Regs                      
1     00006a20  _ECap2Regs                      
1     00006a40  _ECap3Regs                      
1     00006a60  _ECap4Regs                      
1     00006a80  _ECap5Regs                      
1     00006aa0  _ECap6Regs                      
1     00006b00  _EQep1Regs                      
1     00006b40  _EQep2Regs                      
1     00006f80  _GpioCtrlRegs                   
1     00006fc0  _GpioDataRegs                   
1     00006fe0  _GpioIntRegs                    
1     00007010  _SysCtrlRegs                    
1     00007040  _SpiaRegs                       
1     00007050  _SciaRegs                       
1     00007070  _XIntruptRegs                   
1     00007100  _AdcRegs                        
1     00007750  _ScibRegs                       
1     00007770  _ScicRegs                       
1     00007900  _I2caRegs                       
1     0000c000  _id_max                         
1     0000c002  _ki_w                           
1     0000c004  _w_max                          
1     0000c006  _v_d                            
1     0000c008  _v_q                            
1     0000c00a  _w_min                          
1     0000c00c  _id_min                         
1     0000c00e  _iq_min                         
1     0000c010  _B_J                            
1     0000c012  _pxLd_Lq                        
1     0000c014  _kp_id                          
1     0000c016  _Rs_Lq                          
1     0000c018  _ki_iq                          
1     0000c01a  _iq_max                         
1     0000c01c  _kp_w                           
1     0000c01e  _ki_id                          
1     0000c020  _kp_iq                          
1     0000c022  _angle_sin                      
1     0000c024  _angle_cos                      
1     0000c026  _Tl_est                         
1     0000c028  _angle                          
1     0000c02a  _w_mult                         
1     0000c02c  _Rs_Ld                          
1     0000c02e  _id_ref                         
1     0000c030  _w_e_ref                        
1     0000c032  _i_b                            
1     0000c034  _i_al                           
1     0000c036  _v_be                           
1     0000c038  _i_a                            
1     0000c03a  _id                             
1     0000c03c  _iq                             
1     0000c03e  _i_be                           
1     0000c040  _w_e                            
1     0000c042  _v_al                           
1     0000c044  _u_J                            
1     0000c046  _pxLdLq_J                       
1     0000c048  _T_Ld                           
1     0000c04a  _Lq                             
1     0000c04c  _Ld                             
1     0000c04e  _pT                             
1     0000c050  _pxLq_Ld                        
1     0000c052  _GlobalQ                        
1     0000c054  _T_Lq                           
1     0000c056  _T_step                         
1     0000c058  _p                              
1     0000c05a  _B                              
1     0000c05c  _J                              
1     0000c05e  _Rs                             
1     0000c060  _Y                              
1     0000c064  _eQEP                           
1     0000c06a  _R                              
1     0000c072  _tempR                          
1     0000c080  _X_o                            
1     0000c08a  _pwmgen                         
1     0000c094  _X                              
1     0000c09e  _c1                             
1     0000c0a8  _eCAP                           
1     0000c0c0  _p1                             
1     0000c0ce  _ip_v                           
1     0000c0dc  _ePWM                           
1     0000c0ea  _ACQPS                          
1     0000c100  _ChSel                          
1     0000c110  _TrigSel                        
1     0000c120  _sv                             
1     0000c140  _tempC                          
1     0000c154  _K                              
1     0000c168  _C                              
1     0000c180  _pi_iq                          
1     0000c198  _pi_w                           
1     0000c1c0  _pi_id                          
1     0000c200  _A                              
1     0000c240  _Q                              
1     0000c280  _tempP2                         
1     0000c2c0  _P                              
1     0000c300  _tempP                          
1     0000c332  ___TI_enable_exit_profile_output
1     0000c334  ___TI_cleanup_ptr               
1     0000c336  ___TI_dtors_ptr                 
1     0000c338  __lock                          
1     0000c33a  __unlock                        
1     0033fff8  _CsmPwl                         
1     00380090  _PartIdRegs                     
abs   00000400  __STACK_SIZE                    
abs   ffffffff  ___TI_pprof_out_hndl            
abs   ffffffff  ___TI_prof_data_size            
abs   ffffffff  ___TI_prof_data_start           
abs   ffffffff  ___binit__                      
abs   ffffffff  ___c_args__                     
abs   ffffffff  ___pinit__                      
abs   ffffffff  binit                           
abs   ffffffff  pinit                           

[178 symbols]
