******************************************************************************
             TMS320C2000 Linker PC v16.9.6                     
******************************************************************************
>> Linked Wed Apr 24 11:35:53 2019

OUTPUT FILE NAME:   <DDP_Motor.out>
ENTRY POINT SYMBOL: "_c_int00"  address: 00009dbb


MEMORY CONFIGURATION

         name            origin    length      used     unused   attr    fill
----------------------  --------  ---------  --------  --------  ----  --------
PAGE 0:
  BEGIN                 00000000   00000002  00000002  00000000  RWIX
  RAMM0                 00000050   000003b0  00000000  000003b0  RWIX
  RAML0                 00008000   00001000  0000017f  00000e81  RWIX
  RAML1                 00009000   00001000  00000f08  000000f8  RWIX
  RAML2                 0000a000   00001000  00000000  00001000  RWIX
  RAML3                 0000b000   00001000  00000000  00001000  RWIX
  ZONE7A                00200000   0000fc00  00000000  0000fc00  RWIX
  CSM_RSVD              0033ff80   00000076  00000000  00000076  RWIX
  CSM_PWL               0033fff8   00000008  00000000  00000008  RWIX
  ADC_CAL               00380080   00000009  00000007  00000002  RWIX
  IQTABLES              003fe000   00000b50  00000000  00000b50  RWIX
  IQTABLES2             003feb50   0000008c  00000000  0000008c  RWIX
  FPUTABLES             003febdc   000006a0  00000000  000006a0  RWIX
  BOOTROM               003ff27c   00000d44  00000000  00000d44  RWIX
  RESET                 003fffc0   00000002  00000000  00000002  RWIX

PAGE 1:
  BOOT_RSVD             00000002   0000004e  00000000  0000004e  RWIX
  RAMM1                 00000400   00000400  00000400  00000000  RWIX
  DEV_EMU               00000880   00000180  000000d0  000000b0  RWIX
  FLASH_REGS            00000a80   00000060  00000008  00000058  RWIX
  CSM                   00000ae0   00000010  00000010  00000000  RWIX
  ADC_MIRROR            00000b00   00000010  00000010  00000000  RWIX
  XINTF                 00000b20   00000020  0000001e  00000002  RWIX
  CPU_TIMER0            00000c00   00000008  00000008  00000000  RWIX
  CPU_TIMER1            00000c08   00000008  00000008  00000000  RWIX
  CPU_TIMER2            00000c10   00000008  00000008  00000000  RWIX
  PIE_CTRL              00000ce0   00000020  0000001a  00000006  RWIX
  PIE_VECT              00000d00   00000100  00000100  00000000  RWIX
  DMA                   00001000   00000200  000000e0  00000120  RWIX
  MCBSPA                00005000   00000040  00000025  0000001b  RWIX
  MCBSPB                00005040   00000040  00000025  0000001b  RWIX
  ECANA                 00006000   00000040  00000034  0000000c  RWIX
  ECANA_LAM             00006040   00000040  00000040  00000000  RWIX
  ECANA_MOTS            00006080   00000040  00000040  00000000  RWIX
  ECANA_MOTO            000060c0   00000040  00000040  00000000  RWIX
  ECANA_MBOX            00006100   00000100  00000100  00000000  RWIX
  ECANB                 00006200   00000040  00000034  0000000c  RWIX
  ECANB_LAM             00006240   00000040  00000040  00000000  RWIX
  ECANB_MOTS            00006280   00000040  00000040  00000000  RWIX
  ECANB_MOTO            000062c0   00000040  00000040  00000000  RWIX
  ECANB_MBOX            00006300   00000100  00000100  00000000  RWIX
  EPWM1                 00006800   00000022  00000022  00000000  RWIX
  EPWM2                 00006840   00000022  00000022  00000000  RWIX
  EPWM3                 00006880   00000022  00000022  00000000  RWIX
  EPWM4                 000068c0   00000022  00000022  00000000  RWIX
  EPWM5                 00006900   00000022  00000022  00000000  RWIX
  EPWM6                 00006940   00000022  00000022  00000000  RWIX
  ECAP1                 00006a00   00000020  00000020  00000000  RWIX
  ECAP2                 00006a20   00000020  00000020  00000000  RWIX
  ECAP3                 00006a40   00000020  00000020  00000000  RWIX
  ECAP4                 00006a60   00000020  00000020  00000000  RWIX
  ECAP5                 00006a80   00000020  00000020  00000000  RWIX
  ECAP6                 00006aa0   00000020  00000020  00000000  RWIX
  EQEP1                 00006b00   00000040  00000040  00000000  RWIX
  EQEP2                 00006b40   00000040  00000040  00000000  RWIX
  GPIOCTRL              00006f80   00000040  0000002e  00000012  RWIX
  GPIODAT               00006fc0   00000020  00000020  00000000  RWIX
  GPIOINT               00006fe0   00000020  0000000a  00000016  RWIX
  SYSTEM                00007010   00000020  00000020  00000000  RWIX
  SPIA                  00007040   00000010  00000010  00000000  RWIX
  SCIA                  00007050   00000010  00000010  00000000  RWIX
  XINTRUPT              00007070   00000010  00000010  00000000  RWIX
  ADC                   00007100   00000020  0000001e  00000002  RWIX
  SCIB                  00007750   00000010  00000010  00000000  RWIX
  SCIC                  00007770   00000010  00000010  00000000  RWIX
  I2CA                  00007900   00000040  00000022  0000001e  RWIX
  RAML4                 0000c000   00001000  000008fe  00000702  RWIX
  RAML5                 0000d000   00001000  00000100  00000f00  RWIX
  RAML6                 0000e000   00001000  00000000  00001000  RWIX
  RAML7                 0000f000   00001000  00000000  00001000  RWIX
  ZONE7B                0020fc00   00000400  00000000  00000400  RWIX
  CSM_PWL               0033fff8   00000008  00000008  00000000  RWIX
  PARTID                00380090   00000001  00000001  00000000  RWIX


SECTION ALLOCATION MAP

 output                                  attributes/
section   page    origin      length       input sections
--------  ----  ----------  ----------   ----------------
codestart 
*          0    00000000    00000002     
                  00000000    00000002     DSP2833x_CodeStartBranch.obj (codestart)

.cinit     0    00008000    0000017b     
                  00008000    00000118     main.obj (.cinit)
                  00008118    00000045     sv_gen.obj (.cinit)
                  0000815d    0000000e     rts2800_fpu32.lib : exit.obj (.cinit)
                  0000816b    00000005                       : _lock.obj (.cinit:__lock)
                  00008170    00000005                       : _lock.obj (.cinit:__unlock)
                  00008175    00000004                       : errno.obj (.cinit)
                  00008179    00000002     --HOLE-- [fill = 0]

ramfuncs   0    0000817b    00000004     
                  0000817b    00000004     DSP2833x_usDelay.obj (ramfuncs)

.pinit     0    00008000    00000000     UNINITIALIZED

.text      0    00009000    00000f08     
                  00009000    000004b5     main.obj (.text)
                  000094b5    00000316     DSP2833x_DefaultIsr.obj (.text:retain)
                  000097cb    0000014a     sv_gen.obj (.text)
                  00009915    00000107     Gpio_encoder.obj (.text)
                  00009a1c    000000fe     DSP2833x_SysCtrl.obj (.text)
                  00009b1a    000000ee     DSP2833x_EPwm.obj (.text)
                  00009c08    00000088     rts2800_fpu32.lib : fs_div28.obj (.text)
                  00009c90    00000072     main.obj (.text:retain)
                  00009d02    00000061     rts2800_fpu32.lib : s_cosf.obj (.text)
                  00009d63    00000058                       : s_sinf.obj (.text)
                  00009dbb    00000056                       : boot28.obj (.text)
                  00009e11    00000029                       : exit.obj (.text)
                  00009e3a    00000028     DSP2833x_PieCtrl.obj (.text)
                  00009e62    00000025     rts2800_fpu32.lib : e_sqrtf.obj (.text)
                  00009e87    00000024                       : cpy_tbl.obj (.text)
                  00009eab    0000001e                       : memcpy.obj (.text)
                  00009ec9    00000019                       : args_main.obj (.text)
                  00009ee2    00000012     DSP2833x_PieVect.obj (.text)
                  00009ef4    00000009     rts2800_fpu32.lib : _lock.obj (.text)
                  00009efd    00000008     DSP2833x_CodeStartBranch.obj (.text)
                  00009f05    00000002     rts2800_fpu32.lib : pre_init.obj (.text)
                  00009f07    00000001                       : startup.obj (.text)

.adc_cal   0    00380080    00000007     NOLOAD SECTION
                  00380080    00000007     DSP2833x_ADC_cal.obj (.adc_cal)

.stack     1    00000400    00000400     UNINITIALIZED
                  00000400    00000400     --HOLE--

DevEmuRegsFile 
*          1    00000880    000000d0     UNINITIALIZED
                  00000880    000000d0     DSP2833x_GlobalVariableDefs.obj (DevEmuRegsFile)

FlashRegsFile 
*          1    00000a80    00000008     UNINITIALIZED
                  00000a80    00000008     DSP2833x_GlobalVariableDefs.obj (FlashRegsFile)

CsmRegsFile 
*          1    00000ae0    00000010     UNINITIALIZED
                  00000ae0    00000010     DSP2833x_GlobalVariableDefs.obj (CsmRegsFile)

AdcMirrorFile 
*          1    00000b00    00000010     UNINITIALIZED
                  00000b00    00000010     DSP2833x_GlobalVariableDefs.obj (AdcMirrorFile)

XintfRegsFile 
*          1    00000b20    0000001e     UNINITIALIZED
                  00000b20    0000001e     DSP2833x_GlobalVariableDefs.obj (XintfRegsFile)

CpuTimer0RegsFile 
*          1    00000c00    00000008     UNINITIALIZED
                  00000c00    00000008     DSP2833x_GlobalVariableDefs.obj (CpuTimer0RegsFile)

CpuTimer1RegsFile 
*          1    00000c08    00000008     UNINITIALIZED
                  00000c08    00000008     DSP2833x_GlobalVariableDefs.obj (CpuTimer1RegsFile)

CpuTimer2RegsFile 
*          1    00000c10    00000008     UNINITIALIZED
                  00000c10    00000008     DSP2833x_GlobalVariableDefs.obj (CpuTimer2RegsFile)

PieCtrlRegsFile 
*          1    00000ce0    0000001a     UNINITIALIZED
                  00000ce0    0000001a     DSP2833x_GlobalVariableDefs.obj (PieCtrlRegsFile)

PieVectTableFile 
*          1    00000d00    00000100     UNINITIALIZED
                  00000d00    00000100     DSP2833x_GlobalVariableDefs.obj (PieVectTableFile)

DmaRegsFile 
*          1    00001000    000000e0     UNINITIALIZED
                  00001000    000000e0     DSP2833x_GlobalVariableDefs.obj (DmaRegsFile)

McbspaRegsFile 
*          1    00005000    00000025     UNINITIALIZED
                  00005000    00000025     DSP2833x_GlobalVariableDefs.obj (McbspaRegsFile)

McbspbRegsFile 
*          1    00005040    00000025     UNINITIALIZED
                  00005040    00000025     DSP2833x_GlobalVariableDefs.obj (McbspbRegsFile)

ECanaRegsFile 
*          1    00006000    00000034     UNINITIALIZED
                  00006000    00000034     DSP2833x_GlobalVariableDefs.obj (ECanaRegsFile)

ECanaLAMRegsFile 
*          1    00006040    00000040     UNINITIALIZED
                  00006040    00000040     DSP2833x_GlobalVariableDefs.obj (ECanaLAMRegsFile)

ECanaMOTSRegsFile 
*          1    00006080    00000040     UNINITIALIZED
                  00006080    00000040     DSP2833x_GlobalVariableDefs.obj (ECanaMOTSRegsFile)

ECanaMOTORegsFile 
*          1    000060c0    00000040     UNINITIALIZED
                  000060c0    00000040     DSP2833x_GlobalVariableDefs.obj (ECanaMOTORegsFile)

ECanaMboxesFile 
*          1    00006100    00000100     UNINITIALIZED
                  00006100    00000100     DSP2833x_GlobalVariableDefs.obj (ECanaMboxesFile)

ECanbRegsFile 
*          1    00006200    00000034     UNINITIALIZED
                  00006200    00000034     DSP2833x_GlobalVariableDefs.obj (ECanbRegsFile)

ECanbLAMRegsFile 
*          1    00006240    00000040     UNINITIALIZED
                  00006240    00000040     DSP2833x_GlobalVariableDefs.obj (ECanbLAMRegsFile)

ECanbMOTSRegsFile 
*          1    00006280    00000040     UNINITIALIZED
                  00006280    00000040     DSP2833x_GlobalVariableDefs.obj (ECanbMOTSRegsFile)

ECanbMOTORegsFile 
*          1    000062c0    00000040     UNINITIALIZED
                  000062c0    00000040     DSP2833x_GlobalVariableDefs.obj (ECanbMOTORegsFile)

ECanbMboxesFile 
*          1    00006300    00000100     UNINITIALIZED
                  00006300    00000100     DSP2833x_GlobalVariableDefs.obj (ECanbMboxesFile)

EPwm1RegsFile 
*          1    00006800    00000022     UNINITIALIZED
                  00006800    00000022     DSP2833x_GlobalVariableDefs.obj (EPwm1RegsFile)

EPwm2RegsFile 
*          1    00006840    00000022     UNINITIALIZED
                  00006840    00000022     DSP2833x_GlobalVariableDefs.obj (EPwm2RegsFile)

EPwm3RegsFile 
*          1    00006880    00000022     UNINITIALIZED
                  00006880    00000022     DSP2833x_GlobalVariableDefs.obj (EPwm3RegsFile)

EPwm4RegsFile 
*          1    000068c0    00000022     UNINITIALIZED
                  000068c0    00000022     DSP2833x_GlobalVariableDefs.obj (EPwm4RegsFile)

EPwm5RegsFile 
*          1    00006900    00000022     UNINITIALIZED
                  00006900    00000022     DSP2833x_GlobalVariableDefs.obj (EPwm5RegsFile)

EPwm6RegsFile 
*          1    00006940    00000022     UNINITIALIZED
                  00006940    00000022     DSP2833x_GlobalVariableDefs.obj (EPwm6RegsFile)

ECap1RegsFile 
*          1    00006a00    00000020     UNINITIALIZED
                  00006a00    00000020     DSP2833x_GlobalVariableDefs.obj (ECap1RegsFile)

ECap2RegsFile 
*          1    00006a20    00000020     UNINITIALIZED
                  00006a20    00000020     DSP2833x_GlobalVariableDefs.obj (ECap2RegsFile)

ECap3RegsFile 
*          1    00006a40    00000020     UNINITIALIZED
                  00006a40    00000020     DSP2833x_GlobalVariableDefs.obj (ECap3RegsFile)

ECap4RegsFile 
*          1    00006a60    00000020     UNINITIALIZED
                  00006a60    00000020     DSP2833x_GlobalVariableDefs.obj (ECap4RegsFile)

ECap5RegsFile 
*          1    00006a80    00000020     UNINITIALIZED
                  00006a80    00000020     DSP2833x_GlobalVariableDefs.obj (ECap5RegsFile)

ECap6RegsFile 
*          1    00006aa0    00000020     UNINITIALIZED
                  00006aa0    00000020     DSP2833x_GlobalVariableDefs.obj (ECap6RegsFile)

EQep1RegsFile 
*          1    00006b00    00000040     UNINITIALIZED
                  00006b00    00000040     DSP2833x_GlobalVariableDefs.obj (EQep1RegsFile)

EQep2RegsFile 
*          1    00006b40    00000040     UNINITIALIZED
                  00006b40    00000040     DSP2833x_GlobalVariableDefs.obj (EQep2RegsFile)

GpioCtrlRegsFile 
*          1    00006f80    0000002e     UNINITIALIZED
                  00006f80    0000002e     DSP2833x_GlobalVariableDefs.obj (GpioCtrlRegsFile)

GpioDataRegsFile 
*          1    00006fc0    00000020     UNINITIALIZED
                  00006fc0    00000020     DSP2833x_GlobalVariableDefs.obj (GpioDataRegsFile)

GpioIntRegsFile 
*          1    00006fe0    0000000a     UNINITIALIZED
                  00006fe0    0000000a     DSP2833x_GlobalVariableDefs.obj (GpioIntRegsFile)

SysCtrlRegsFile 
*          1    00007010    00000020     UNINITIALIZED
                  00007010    00000020     DSP2833x_GlobalVariableDefs.obj (SysCtrlRegsFile)

SpiaRegsFile 
*          1    00007040    00000010     UNINITIALIZED
                  00007040    00000010     DSP2833x_GlobalVariableDefs.obj (SpiaRegsFile)

SciaRegsFile 
*          1    00007050    00000010     UNINITIALIZED
                  00007050    00000010     DSP2833x_GlobalVariableDefs.obj (SciaRegsFile)

XIntruptRegsFile 
*          1    00007070    00000010     UNINITIALIZED
                  00007070    00000010     DSP2833x_GlobalVariableDefs.obj (XIntruptRegsFile)

AdcRegsFile 
*          1    00007100    0000001e     UNINITIALIZED
                  00007100    0000001e     DSP2833x_GlobalVariableDefs.obj (AdcRegsFile)

ScibRegsFile 
*          1    00007750    00000010     UNINITIALIZED
                  00007750    00000010     DSP2833x_GlobalVariableDefs.obj (ScibRegsFile)

ScicRegsFile 
*          1    00007770    00000010     UNINITIALIZED
                  00007770    00000010     DSP2833x_GlobalVariableDefs.obj (ScicRegsFile)

I2caRegsFile 
*          1    00007900    00000022     UNINITIALIZED
                  00007900    00000022     DSP2833x_GlobalVariableDefs.obj (I2caRegsFile)

.ebss      1    0000c000    000008fe     UNINITIALIZED
                  0000c000    00000898     main.obj (.ebss)
                  0000c898    00000006     rts2800_fpu32.lib : exit.obj (.ebss)
                  0000c89e    00000002                       : _lock.obj (.ebss:__lock)
                  0000c8a0    00000002                       : _lock.obj (.ebss:__unlock)
                  0000c8a2    00000001                       : errno.obj (.ebss)
                  0000c8a3    0000001d     --HOLE--
                  0000c8c0    0000003e     sv_gen.obj (.ebss)

.econst    1    0000d000    00000100     
                  0000d000    00000100     DSP2833x_PieVect.obj (.econst:_PieVectTableInit)

.reset     0    003fffc0    00000002     DSECT
                  003fffc0    00000002     rts2800_fpu32.lib : boot28.obj (.reset)

csm_rsvd   0    0033ff80    00000000     DSECT

csmpasswds 
*          0    0033fff8    00000000     DSECT

CsmPwlFile 
*          1    0033fff8    00000008     UNINITIALIZED
                  0033fff8    00000008     DSP2833x_GlobalVariableDefs.obj (CsmPwlFile)

PartIdRegsFile 
*          1    00380090    00000001     UNINITIALIZED
                  00380090    00000001     DSP2833x_GlobalVariableDefs.obj (PartIdRegsFile)

MODULE SUMMARY

       Module                            code   initialized data   uninitialized data
       ------                            ----   ----------------   ------------------
    .\
       main.obj                          1319   280                2200              
       DSP2833x_GlobalVariableDefs.obj   0      0                  2679              
       DSP2833x_DefaultIsr.obj           790    0                  0                 
       sv_gen.obj                        330    69                 62                
       DSP2833x_PieVect.obj              18     256                0                 
       Gpio_encoder.obj                  263    0                  0                 
       DSP2833x_SysCtrl.obj              254    0                  0                 
       DSP2833x_EPwm.obj                 238    0                  0                 
       DSP2833x_PieCtrl.obj              40     0                  0                 
       DSP2833x_CodeStartBranch.obj      10     0                  0                 
       DSP2833x_ADC_cal.obj              7      0                  0                 
       DSP2833x_usDelay.obj              4      0                  0                 
    +--+---------------------------------+------+------------------+--------------------+
       Total:                            3273   605                4941              
                                                                                     
    C:\ti\ccsv7\tools\compiler\ti-cgt-c2000_16.9.6.LTS\lib\rts2800_fpu32.lib
       fs_div28.obj                      136    0                  0                 
       s_cosf.obj                        97     0                  0                 
       s_sinf.obj                        88     0                  0                 
       boot28.obj                        86     0                  0                 
       exit.obj                          41     14                 6                 
       e_sqrtf.obj                       37     0                  0                 
       cpy_tbl.obj                       36     0                  0                 
       memcpy.obj                        30     0                  0                 
       args_main.obj                     25     0                  0                 
       _lock.obj                         9      10                 4                 
       errno.obj                         0      4                  1                 
       pre_init.obj                      2      0                  0                 
       startup.obj                       1      0                  0                 
    +--+---------------------------------+------+------------------+--------------------+
       Total:                            588    28                 11                
                                                                                     
       Stack:                            0      0                  1024              
    +--+---------------------------------+------+------------------+--------------------+
       Grand Total:                      3861   633                5976              


GLOBAL DATA SYMBOLS: SORTED BY DATA PAGE

address     data page           name
--------    ----------------    ----
00000400      10 (00000400)     __stack

00000880      22 (00000880)     _DevEmuRegs

00000a80      2a (00000a80)     _FlashRegs

00000ae0      2b (00000ac0)     _CsmRegs

00000b00      2c (00000b00)     _AdcMirror
00000b20      2c (00000b00)     _XintfRegs

00000c00      30 (00000c00)     _CpuTimer0Regs
00000c08      30 (00000c00)     _CpuTimer1Regs
00000c10      30 (00000c00)     _CpuTimer2Regs

00000ce0      33 (00000cc0)     _PieCtrlRegs

00000d00      34 (00000d00)     _PieVectTable

00001000      40 (00001000)     _DmaRegs

00005000     140 (00005000)     _McbspaRegs

00005040     141 (00005040)     _McbspbRegs

00006000     180 (00006000)     _ECanaRegs

00006040     181 (00006040)     _ECanaLAMRegs

00006080     182 (00006080)     _ECanaMOTSRegs

000060c0     183 (000060c0)     _ECanaMOTORegs

00006100     184 (00006100)     _ECanaMboxes

00006200     188 (00006200)     _ECanbRegs

00006240     189 (00006240)     _ECanbLAMRegs

00006280     18a (00006280)     _ECanbMOTSRegs

000062c0     18b (000062c0)     _ECanbMOTORegs

00006300     18c (00006300)     _ECanbMboxes

00006800     1a0 (00006800)     _EPwm1Regs

00006840     1a1 (00006840)     _EPwm2Regs

00006880     1a2 (00006880)     _EPwm3Regs

000068c0     1a3 (000068c0)     _EPwm4Regs

00006900     1a4 (00006900)     _EPwm5Regs

00006940     1a5 (00006940)     _EPwm6Regs

00006a00     1a8 (00006a00)     _ECap1Regs
00006a20     1a8 (00006a00)     _ECap2Regs

00006a40     1a9 (00006a40)     _ECap3Regs
00006a60     1a9 (00006a40)     _ECap4Regs

00006a80     1aa (00006a80)     _ECap5Regs
00006aa0     1aa (00006a80)     _ECap6Regs

00006b00     1ac (00006b00)     _EQep1Regs

00006b40     1ad (00006b40)     _EQep2Regs

00006f80     1be (00006f80)     _GpioCtrlRegs

00006fc0     1bf (00006fc0)     _GpioDataRegs
00006fe0     1bf (00006fc0)     _GpioIntRegs

00007010     1c0 (00007000)     _SysCtrlRegs

00007040     1c1 (00007040)     _SpiaRegs
00007050     1c1 (00007040)     _SciaRegs
00007070     1c1 (00007040)     _XIntruptRegs

00007100     1c4 (00007100)     _AdcRegs

00007750     1dd (00007740)     _ScibRegs
00007770     1dd (00007740)     _ScicRegs

00007900     1e4 (00007900)     _I2caRegs

0000c000     300 (0000c000)     _EPwm1TimerIntCount
0000c001     300 (0000c000)     _i
0000c002     300 (0000c000)     _iter_count
0000c003     300 (0000c000)     _s
0000c004     300 (0000c000)     _meas
0000c005     300 (0000c000)     _start
0000c006     300 (0000c000)     _sn
0000c008     300 (0000c000)     _kp_w
0000c00a     300 (0000c000)     _v_al
0000c00c     300 (0000c000)     _Lq
0000c00e     300 (0000c000)     _Rs
0000c010     300 (0000c000)     _Ld
0000c012     300 (0000c000)     _kp_id
0000c014     300 (0000c000)     _ki_w
0000c016     300 (0000c000)     _w_e
0000c018     300 (0000c000)     _kp_iq
0000c01a     300 (0000c000)     _v_be
0000c01c     300 (0000c000)     _ki_id
0000c01e     300 (0000c000)     _B
0000c020     300 (0000c000)     _ki_iq
0000c022     300 (0000c000)     _Vdc
0000c024     300 (0000c000)     _Vs
0000c026     300 (0000c000)     _vd
0000c028     300 (0000c000)     _p
0000c02a     300 (0000c000)     _T_step
0000c02c     300 (0000c000)     _vq
0000c02e     300 (0000c000)     _GlobalQ
0000c030     300 (0000c000)     _w_mult
0000c032     300 (0000c000)     _TimerCount
0000c034     300 (0000c000)     _w_ref
0000c036     300 (0000c000)     _id
0000c038     300 (0000c000)     _offA
0000c03a     300 (0000c000)     _Tl_est
0000c03c     300 (0000c000)     _iq
0000c03e     300 (0000c000)     _i_b

0000c040     301 (0000c040)     _J
0000c042     301 (0000c040)     _offB
0000c044     301 (0000c040)     _id_ref
0000c046     301 (0000c040)     _i_a
0000c048     301 (0000c040)     _a
0000c04e     301 (0000c040)     _w
0000c054     301 (0000c040)     _c1
0000c05e     301 (0000c040)     _ip_v
0000c06c     301 (0000c040)     _p1

0000c080     302 (0000c080)     _ACQPS
0000c090     302 (0000c080)     _TrigSel
0000c0a0     302 (0000c080)     _ChSel

0000c0c0     303 (0000c0c0)     _pi_id
0000c0d8     303 (0000c0c0)     _pi_iq

0000c100     304 (0000c100)     _pi_w

0000c140     305 (0000c140)     _m_id

0000c3c0     30f (0000c3c0)     _m_w

0000c640     319 (0000c640)     _m_iq

0000c898     322 (0000c880)     ___TI_enable_exit_profile_output
0000c89a     322 (0000c880)     ___TI_cleanup_ptr
0000c89c     322 (0000c880)     ___TI_dtors_ptr
0000c89e     322 (0000c880)     __lock
0000c8a0     322 (0000c880)     __unlock
0000c8a2     322 (0000c880)     _errno

0000c8c0     323 (0000c8c0)     _eQEP
0000c8c6     323 (0000c8c0)     _pwmgen
0000c8d0     323 (0000c8c0)     _eCAP
0000c8de     323 (0000c8c0)     _ePWM
0000c8ec     323 (0000c8c0)     _sv

0000d000     340 (0000d000)     _PieVectTableInit

0033fff8    cfff (0033ffc0)     _CsmPwl

00380090    e002 (00380080)     _PartIdRegs


GLOBAL SYMBOLS: SORTED ALPHABETICALLY BY Name 

page  address   name                            
----  -------   ----                            
abs   ffffffff  .text                           
0     00009e11  C$$EXIT                         
0     00009c08  FS$$DIV                         
1     0000c080  _ACQPS                          
0     0000959b  _ADCINT_ISR                     
0     00380080  _ADC_cal                        
1     00000b00  _AdcMirror                      
1     00007100  _AdcRegs                        
1     0000c01e  _B                              
1     0000c0a0  _ChSel                          
1     00000c00  _CpuTimer0Regs                  
1     00000c08  _CpuTimer1Regs                  
1     00000c10  _CpuTimer2Regs                  
1     0033fff8  _CsmPwl                         
1     00000ae0  _CsmRegs                        
0     00009aeb  _CsmUnlock                      
0     000094c9  _DATALOG_ISR                    
0     000096bd  _DINTCH1_ISR                    
0     000096c7  _DINTCH2_ISR                    
0     000096d1  _DINTCH3_ISR                    
0     000096db  _DINTCH4_ISR                    
0     000096e5  _DINTCH5_ISR                    
0     000096ef  _DINTCH6_ISR                    
0     0000817b  _DSP28x_usDelay                 
1     00000880  _DevEmuRegs                     
0     00009a2f  _DisableDog                     
1     00001000  _DmaRegs                        
0     00009749  _ECAN0INTA_ISR                  
0     0000975d  _ECAN0INTB_ISR                  
0     00009753  _ECAN1INTA_ISR                  
0     00009767  _ECAN1INTB_ISR                  
0     00009631  _ECAP1_INT_ISR                  
0     0000963b  _ECAP2_INT_ISR                  
0     00009645  _ECAP3_INT_ISR                  
0     0000964f  _ECAP4_INT_ISR                  
0     00009659  _ECAP5_INT_ISR                  
0     00009663  _ECAP6_INT_ISR                  
1     00006040  _ECanaLAMRegs                   
1     000060c0  _ECanaMOTORegs                  
1     00006080  _ECanaMOTSRegs                  
1     00006100  _ECanaMboxes                    
1     00006000  _ECanaRegs                      
1     00006240  _ECanbLAMRegs                   
1     000062c0  _ECanbMOTORegs                  
1     00006280  _ECanbMOTSRegs                  
1     00006300  _ECanbMboxes                    
1     00006200  _ECanbRegs                      
1     00006a00  _ECap1Regs                      
1     00006a20  _ECap2Regs                      
1     00006a40  _ECap3Regs                      
1     00006a60  _ECap4Regs                      
1     00006a80  _ECap5Regs                      
1     00006aa0  _ECap6Regs                      
0     000094dd  _EMUINT_ISR                     
0     000095f5  _EPWM1_INT_ISR                  
0     000095b9  _EPWM1_TZINT_ISR                
0     000095ff  _EPWM2_INT_ISR                  
0     000095c3  _EPWM2_TZINT_ISR                
0     00009609  _EPWM3_INT_ISR                  
0     000095cd  _EPWM3_TZINT_ISR                
0     00009613  _EPWM4_INT_ISR                  
0     000095d7  _EPWM4_TZINT_ISR                
0     0000961d  _EPWM5_INT_ISR                  
0     000095e1  _EPWM5_TZINT_ISR                
0     00009627  _EPWM6_INT_ISR                  
0     000095eb  _EPWM6_TZINT_ISR                
1     00006800  _EPwm1Regs                      
1     0000c000  _EPwm1TimerIntCount             
1     00006840  _EPwm2Regs                      
1     00006880  _EPwm3Regs                      
1     000068c0  _EPwm4Regs                      
1     00006900  _EPwm5Regs                      
1     00006940  _EPwm6Regs                      
0     0000966d  _EQEP1_INT_ISR                  
0     00009677  _EQEP2_INT_ISR                  
1     00006b00  _EQep1Regs                      
1     00006b40  _EQep2Regs                      
0     00009e59  _EnableInterrupts               
1     00000a80  _FlashRegs                      
0     0000999d  _GTB                            
1     0000c02e  _GlobalQ                        
1     00006f80  _GpioCtrlRegs                   
1     00006fc0  _GpioDataRegs                   
1     00006fe0  _GpioIntRegs                    
0     000096f9  _I2CINT1A_ISR                   
0     00009703  _I2CINT2A_ISR                   
1     00007900  _I2caRegs                       
0     000094f1  _ILLEGAL_ISR                    
0     000094b5  _INT13_ISR                      
0     000094bf  _INT14_ISR                      
0     00009b1a  _InitEPwm                       
0     00009b28  _InitEPwm1Gpio                  
0     00009b3e  _InitEPwm2Gpio                  
0     00009b54  _InitEPwm3Gpio                  
0     00009b6c  _InitEPwm4Gpio                  
0     00009b84  _InitEPwm5Gpio                  
0     00009b9a  _InitEPwm6Gpio                  
0     00009b1b  _InitEPwmGpio                   
0     00009bb0  _InitEPwmSyncGpio               
0     00009000  _InitEPwmTimer                  
0     00009915  _InitEncoder                    
0     0000911d  _InitPI                         
0     00009a85  _InitPeripheralClocks           
0     00009e3a  _InitPieCtrl                    
0     00009ee2  _InitPieVectTable               
0     00009a37  _InitPll                        
0     00009a1c  _InitSysCtrl                    
0     00009bcb  _InitTzGpio                     
0     00009041  _Init_adc                       
0     000097cb  _Init_svpwm                     
1     0000c040  _J                              
0     000097ad  _LUF_ISR                        
0     000097a3  _LVF_ISR                        
1     0000c010  _Ld                             
1     0000c00c  _Lq                             
0     000096a9  _MRINTA_ISR                     
0     00009695  _MRINTB_ISR                     
0     000096b3  _MXINTA_ISR                     
0     0000969f  _MXINTB_ISR                     
1     00005000  _McbspaRegs                     
1     00005040  _McbspbRegs                     
0     000094e7  _NMI_ISR                        
0     000097b7  _PIE_RESERVED                   
1     00380090  _PartIdRegs                     
1     00000ce0  _PieCtrlRegs                    
1     00000d00  _PieVectTable                   
1     0000d000  _PieVectTableInit               
0     000094d3  _RTOSINT_ISR                    
1     0000c00e  _Rs                             
0     00009721  _SCIRXINTA_ISR                  
0     00009735  _SCIRXINTB_ISR                  
0     0000970d  _SCIRXINTC_ISR                  
0     0000972b  _SCITXINTA_ISR                  
0     0000973f  _SCITXINTB_ISR                  
0     00009717  _SCITXINTC_ISR                  
0     00009573  _SEQ1INT_ISR                    
0     0000957d  _SEQ2INT_ISR                    
0     00009681  _SPIRXINTA_ISR                  
0     0000968b  _SPITXINTA_ISR                  
1     00007050  _SciaRegs                       
1     00007750  _ScibRegs                       
1     00007770  _ScicRegs                       
0     00009a25  _ServiceDog                     
0     00009028  _SetupEPwmTimer                 
1     00007040  _SpiaRegs                       
1     00007010  _SysCtrlRegs                    
0     000095a5  _TINT0_ISR                      
1     0000c02a  _T_step                         
1     0000c032  _TimerCount                     
1     0000c03a  _Tl_est                         
1     0000c090  _TrigSel                        
0     00009555  _USER10_ISR                     
0     0000955f  _USER11_ISR                     
0     00009569  _USER12_ISR                     
0     000094fb  _USER1_ISR                      
0     00009505  _USER2_ISR                      
0     0000950f  _USER3_ISR                      
0     00009519  _USER4_ISR                      
0     00009523  _USER5_ISR                      
0     0000952d  _USER6_ISR                      
0     00009537  _USER7_ISR                      
0     00009541  _USER8_ISR                      
0     0000954b  _USER9_ISR                      
1     0000c022  _Vdc                            
1     0000c024  _Vs                             
0     000095af  _WAKEINT_ISR                    
0     00009587  _XINT1_ISR                      
0     00009591  _XINT2_ISR                      
0     00009771  _XINT3_ISR                      
0     0000977b  _XINT4_ISR                      
0     00009785  _XINT5_ISR                      
0     0000978f  _XINT6_ISR                      
0     00009799  _XINT7_ISR                      
1     00007070  _XIntruptRegs                   
1     00000b20  _XintfRegs                      
1     00000800  __STACK_END                     
abs   00000400  __STACK_SIZE                    
1     0000c89a  ___TI_cleanup_ptr               
1     0000c89c  ___TI_dtors_ptr                 
1     0000c898  ___TI_enable_exit_profile_output
abs   ffffffff  ___TI_pprof_out_hndl            
abs   ffffffff  ___TI_prof_data_size            
abs   ffffffff  ___TI_prof_data_start           
abs   ffffffff  ___binit__                      
abs   ffffffff  ___c_args__                     
0     00008000  ___cinit__                      
abs   ffffffff  ___etext__                      
abs   ffffffff  ___pinit__                      
abs   ffffffff  ___text__                       
0     00009ec9  __args_main                     
1     0000c89e  __lock                          
0     00009efc  __nop                           
0     00009ef8  __register_lock                 
0     00009ef4  __register_unlock               
1     00000400  __stack                         
0     00009f07  __system_post_cinit             
0     00009f05  __system_pre_init               
1     0000c8a0  __unlock                        
1     0000c048  _a                              
0     00009e11  _abort                          
1     0000c054  _c1                             
0     00009dbb  _c_int00                        
0     00009e87  _copy_in                        
0     00009d02  _cos                            
0     00009d02  _cosf                           
1     0000c8d0  _eCAP                           
1     0000c8de  _ePWM                           
1     0000c8c0  _eQEP                           
0     00009c90  _epwm1_timer_isr                
1     0000c8a2  _errno                          
0     00009e13  _exit                           
0     000099a7  _get_angle                      
0     00009306  _get_speed                      
1     0000c001  _i                              
1     0000c046  _i_a                            
1     0000c03e  _i_b                            
1     0000c036  _id                             
1     0000c044  _id_ref                         
0     0000915a  _init_reg                       
0     000092c3  _inv_park                       
1     0000c05e  _ip_v                           
1     0000c03c  _iq                             
1     0000c002  _iter_count                     
1     0000c01c  _ki_id                          
1     0000c020  _ki_iq                          
1     0000c014  _ki_w                           
1     0000c012  _kp_id                          
1     0000c018  _kp_iq                          
1     0000c008  _kp_w                           
1     0000c140  _m_id                           
1     0000c640  _m_iq                           
1     0000c3c0  _m_w                            
0     000094b2  _main                           
0     0000918b  _max                            
1     0000c004  _meas                           
0     00009eab  _memcpy                         
0     00009184  _min                            
1     0000c038  _offA                           
1     0000c042  _offB                           
1     0000c028  _p                              
1     0000c06c  _p1                             
0     0000918e  _pi_controller                  
1     0000c0c0  _pi_id                          
1     0000c0d8  _pi_iq                          
1     0000c100  _pi_w                           
1     0000c8c6  _pwmgen                         
0     000093c0  _record                         
0     00009491  _ref                            
0     000097c1  _rsvd_ISR                       
1     0000c003  _s                              
0     00009272  _satv                           
0     000090d2  _setOffset                      
0     000093da  _signal_acq                     
0     00009d63  _sin                            
0     00009d63  _sinf                           
1     0000c006  _sn                             
0     00009e62  _sqrt                           
0     00009e62  _sqrtf                          
1     0000c005  _start                          
1     0000c8ec  _sv                             
0     00009864  _sv_pwm                         
1     0000c00a  _v_al                           
1     0000c01a  _v_be                           
1     0000c026  _vd                             
1     0000c02c  _vq                             
1     0000c04e  _w                              
1     0000c016  _w_e                            
1     0000c030  _w_mult                         
1     0000c034  _w_ref                          
abs   ffffffff  binit                           
0     00008000  cinit                           
0     00000000  code_start                      
abs   ffffffff  etext                           
abs   ffffffff  pinit                           


GLOBAL SYMBOLS: SORTED BY Symbol Address 

page  address   name                            
----  -------   ----                            
0     00000000  code_start                      
0     00008000  ___cinit__                      
0     00008000  cinit                           
0     0000817b  _DSP28x_usDelay                 
0     00009000  _InitEPwmTimer                  
0     00009028  _SetupEPwmTimer                 
0     00009041  _Init_adc                       
0     000090d2  _setOffset                      
0     0000911d  _InitPI                         
0     0000915a  _init_reg                       
0     00009184  _min                            
0     0000918b  _max                            
0     0000918e  _pi_controller                  
0     00009272  _satv                           
0     000092c3  _inv_park                       
0     00009306  _get_speed                      
0     000093c0  _record                         
0     000093da  _signal_acq                     
0     00009491  _ref                            
0     000094b2  _main                           
0     000094b5  _INT13_ISR                      
0     000094bf  _INT14_ISR                      
0     000094c9  _DATALOG_ISR                    
0     000094d3  _RTOSINT_ISR                    
0     000094dd  _EMUINT_ISR                     
0     000094e7  _NMI_ISR                        
0     000094f1  _ILLEGAL_ISR                    
0     000094fb  _USER1_ISR                      
0     00009505  _USER2_ISR                      
0     0000950f  _USER3_ISR                      
0     00009519  _USER4_ISR                      
0     00009523  _USER5_ISR                      
0     0000952d  _USER6_ISR                      
0     00009537  _USER7_ISR                      
0     00009541  _USER8_ISR                      
0     0000954b  _USER9_ISR                      
0     00009555  _USER10_ISR                     
0     0000955f  _USER11_ISR                     
0     00009569  _USER12_ISR                     
0     00009573  _SEQ1INT_ISR                    
0     0000957d  _SEQ2INT_ISR                    
0     00009587  _XINT1_ISR                      
0     00009591  _XINT2_ISR                      
0     0000959b  _ADCINT_ISR                     
0     000095a5  _TINT0_ISR                      
0     000095af  _WAKEINT_ISR                    
0     000095b9  _EPWM1_TZINT_ISR                
0     000095c3  _EPWM2_TZINT_ISR                
0     000095cd  _EPWM3_TZINT_ISR                
0     000095d7  _EPWM4_TZINT_ISR                
0     000095e1  _EPWM5_TZINT_ISR                
0     000095eb  _EPWM6_TZINT_ISR                
0     000095f5  _EPWM1_INT_ISR                  
0     000095ff  _EPWM2_INT_ISR                  
0     00009609  _EPWM3_INT_ISR                  
0     00009613  _EPWM4_INT_ISR                  
0     0000961d  _EPWM5_INT_ISR                  
0     00009627  _EPWM6_INT_ISR                  
0     00009631  _ECAP1_INT_ISR                  
0     0000963b  _ECAP2_INT_ISR                  
0     00009645  _ECAP3_INT_ISR                  
0     0000964f  _ECAP4_INT_ISR                  
0     00009659  _ECAP5_INT_ISR                  
0     00009663  _ECAP6_INT_ISR                  
0     0000966d  _EQEP1_INT_ISR                  
0     00009677  _EQEP2_INT_ISR                  
0     00009681  _SPIRXINTA_ISR                  
0     0000968b  _SPITXINTA_ISR                  
0     00009695  _MRINTB_ISR                     
0     0000969f  _MXINTB_ISR                     
0     000096a9  _MRINTA_ISR                     
0     000096b3  _MXINTA_ISR                     
0     000096bd  _DINTCH1_ISR                    
0     000096c7  _DINTCH2_ISR                    
0     000096d1  _DINTCH3_ISR                    
0     000096db  _DINTCH4_ISR                    
0     000096e5  _DINTCH5_ISR                    
0     000096ef  _DINTCH6_ISR                    
0     000096f9  _I2CINT1A_ISR                   
0     00009703  _I2CINT2A_ISR                   
0     0000970d  _SCIRXINTC_ISR                  
0     00009717  _SCITXINTC_ISR                  
0     00009721  _SCIRXINTA_ISR                  
0     0000972b  _SCITXINTA_ISR                  
0     00009735  _SCIRXINTB_ISR                  
0     0000973f  _SCITXINTB_ISR                  
0     00009749  _ECAN0INTA_ISR                  
0     00009753  _ECAN1INTA_ISR                  
0     0000975d  _ECAN0INTB_ISR                  
0     00009767  _ECAN1INTB_ISR                  
0     00009771  _XINT3_ISR                      
0     0000977b  _XINT4_ISR                      
0     00009785  _XINT5_ISR                      
0     0000978f  _XINT6_ISR                      
0     00009799  _XINT7_ISR                      
0     000097a3  _LVF_ISR                        
0     000097ad  _LUF_ISR                        
0     000097b7  _PIE_RESERVED                   
0     000097c1  _rsvd_ISR                       
0     000097cb  _Init_svpwm                     
0     00009864  _sv_pwm                         
0     00009915  _InitEncoder                    
0     0000999d  _GTB                            
0     000099a7  _get_angle                      
0     00009a1c  _InitSysCtrl                    
0     00009a25  _ServiceDog                     
0     00009a2f  _DisableDog                     
0     00009a37  _InitPll                        
0     00009a85  _InitPeripheralClocks           
0     00009aeb  _CsmUnlock                      
0     00009b1a  _InitEPwm                       
0     00009b1b  _InitEPwmGpio                   
0     00009b28  _InitEPwm1Gpio                  
0     00009b3e  _InitEPwm2Gpio                  
0     00009b54  _InitEPwm3Gpio                  
0     00009b6c  _InitEPwm4Gpio                  
0     00009b84  _InitEPwm5Gpio                  
0     00009b9a  _InitEPwm6Gpio                  
0     00009bb0  _InitEPwmSyncGpio               
0     00009bcb  _InitTzGpio                     
0     00009c08  FS$$DIV                         
0     00009c90  _epwm1_timer_isr                
0     00009d02  _cos                            
0     00009d02  _cosf                           
0     00009d63  _sin                            
0     00009d63  _sinf                           
0     00009dbb  _c_int00                        
0     00009e11  C$$EXIT                         
0     00009e11  _abort                          
0     00009e13  _exit                           
0     00009e3a  _InitPieCtrl                    
0     00009e59  _EnableInterrupts               
0     00009e62  _sqrt                           
0     00009e62  _sqrtf                          
0     00009e87  _copy_in                        
0     00009eab  _memcpy                         
0     00009ec9  __args_main                     
0     00009ee2  _InitPieVectTable               
0     00009ef4  __register_unlock               
0     00009ef8  __register_lock                 
0     00009efc  __nop                           
0     00009f05  __system_pre_init               
0     00009f07  __system_post_cinit             
0     00380080  _ADC_cal                        
1     00000400  __stack                         
1     00000800  __STACK_END                     
1     00000880  _DevEmuRegs                     
1     00000a80  _FlashRegs                      
1     00000ae0  _CsmRegs                        
1     00000b00  _AdcMirror                      
1     00000b20  _XintfRegs                      
1     00000c00  _CpuTimer0Regs                  
1     00000c08  _CpuTimer1Regs                  
1     00000c10  _CpuTimer2Regs                  
1     00000ce0  _PieCtrlRegs                    
1     00000d00  _PieVectTable                   
1     00001000  _DmaRegs                        
1     00005000  _McbspaRegs                     
1     00005040  _McbspbRegs                     
1     00006000  _ECanaRegs                      
1     00006040  _ECanaLAMRegs                   
1     00006080  _ECanaMOTSRegs                  
1     000060c0  _ECanaMOTORegs                  
1     00006100  _ECanaMboxes                    
1     00006200  _ECanbRegs                      
1     00006240  _ECanbLAMRegs                   
1     00006280  _ECanbMOTSRegs                  
1     000062c0  _ECanbMOTORegs                  
1     00006300  _ECanbMboxes                    
1     00006800  _EPwm1Regs                      
1     00006840  _EPwm2Regs                      
1     00006880  _EPwm3Regs                      
1     000068c0  _EPwm4Regs                      
1     00006900  _EPwm5Regs                      
1     00006940  _EPwm6Regs                      
1     00006a00  _ECap1Regs                      
1     00006a20  _ECap2Regs                      
1     00006a40  _ECap3Regs                      
1     00006a60  _ECap4Regs                      
1     00006a80  _ECap5Regs                      
1     00006aa0  _ECap6Regs                      
1     00006b00  _EQep1Regs                      
1     00006b40  _EQep2Regs                      
1     00006f80  _GpioCtrlRegs                   
1     00006fc0  _GpioDataRegs                   
1     00006fe0  _GpioIntRegs                    
1     00007010  _SysCtrlRegs                    
1     00007040  _SpiaRegs                       
1     00007050  _SciaRegs                       
1     00007070  _XIntruptRegs                   
1     00007100  _AdcRegs                        
1     00007750  _ScibRegs                       
1     00007770  _ScicRegs                       
1     00007900  _I2caRegs                       
1     0000c000  _EPwm1TimerIntCount             
1     0000c001  _i                              
1     0000c002  _iter_count                     
1     0000c003  _s                              
1     0000c004  _meas                           
1     0000c005  _start                          
1     0000c006  _sn                             
1     0000c008  _kp_w                           
1     0000c00a  _v_al                           
1     0000c00c  _Lq                             
1     0000c00e  _Rs                             
1     0000c010  _Ld                             
1     0000c012  _kp_id                          
1     0000c014  _ki_w                           
1     0000c016  _w_e                            
1     0000c018  _kp_iq                          
1     0000c01a  _v_be                           
1     0000c01c  _ki_id                          
1     0000c01e  _B                              
1     0000c020  _ki_iq                          
1     0000c022  _Vdc                            
1     0000c024  _Vs                             
1     0000c026  _vd                             
1     0000c028  _p                              
1     0000c02a  _T_step                         
1     0000c02c  _vq                             
1     0000c02e  _GlobalQ                        
1     0000c030  _w_mult                         
1     0000c032  _TimerCount                     
1     0000c034  _w_ref                          
1     0000c036  _id                             
1     0000c038  _offA                           
1     0000c03a  _Tl_est                         
1     0000c03c  _iq                             
1     0000c03e  _i_b                            
1     0000c040  _J                              
1     0000c042  _offB                           
1     0000c044  _id_ref                         
1     0000c046  _i_a                            
1     0000c048  _a                              
1     0000c04e  _w                              
1     0000c054  _c1                             
1     0000c05e  _ip_v                           
1     0000c06c  _p1                             
1     0000c080  _ACQPS                          
1     0000c090  _TrigSel                        
1     0000c0a0  _ChSel                          
1     0000c0c0  _pi_id                          
1     0000c0d8  _pi_iq                          
1     0000c100  _pi_w                           
1     0000c140  _m_id                           
1     0000c3c0  _m_w                            
1     0000c640  _m_iq                           
1     0000c898  ___TI_enable_exit_profile_output
1     0000c89a  ___TI_cleanup_ptr               
1     0000c89c  ___TI_dtors_ptr                 
1     0000c89e  __lock                          
1     0000c8a0  __unlock                        
1     0000c8a2  _errno                          
1     0000c8c0  _eQEP                           
1     0000c8c6  _pwmgen                         
1     0000c8d0  _eCAP                           
1     0000c8de  _ePWM                           
1     0000c8ec  _sv                             
1     0000d000  _PieVectTableInit               
1     0033fff8  _CsmPwl                         
1     00380090  _PartIdRegs                     
abs   00000400  __STACK_SIZE                    
abs   ffffffff  .text                           
abs   ffffffff  ___TI_pprof_out_hndl            
abs   ffffffff  ___TI_prof_data_size            
abs   ffffffff  ___TI_prof_data_start           
abs   ffffffff  ___binit__                      
abs   ffffffff  ___c_args__                     
abs   ffffffff  ___etext__                      
abs   ffffffff  ___pinit__                      
abs   ffffffff  ___text__                       
abs   ffffffff  binit                           
abs   ffffffff  etext                           
abs   ffffffff  pinit                           

[274 symbols]
